Warning: Design 'vsdcaravel' has '3' unresolved references. For more detailed information, use the "link" command. (UID-341)
Error: Cannot read file '* /home/Synopsys/pdk/SCL_PDK_3/SCLPDK_V3.0_KIT/scl180/iopad/cio250/4M1L/liberty/tsl18cio250_min.db /home/Synopsys/pdk/SCL_PDK_3/SCLPDK_V3.0_KIT/scl180/stdcell/fs120/4M1IL/liberty/lib_flow_ff/tsl18fs120_scl_ff.db'. (UID-58)
 
****************************************
Report : constraint
        -all_violators
Design : vsdcaravel
Version: T-2022.03-SP5
Date   : Fri Dec 19 11:22:02 2025
****************************************


   min_delay/hold ('hk_serial_clk' group)

                             Required        Actual
   Endpoint                 Path Delay     Path Delay        Slack
   -----------------------------------------------------------------
   chip_core/gpio_control_in_1[10]/shift_register_reg[10]/D
                                6.20           5.83 r        -0.37  (VIOLATED)
   chip_core/gpio_control_in_1[10]/shift_register_reg[11]/D
                                6.20           5.83 r        -0.37  (VIOLATED)
   chip_core/gpio_control_in_1[10]/shift_register_reg[12]/D
                                6.20           5.83 r        -0.37  (VIOLATED)
   chip_core/gpio_control_in_2[0]/shift_register_reg[10]/D
                                6.20           5.83 r        -0.37  (VIOLATED)
   chip_core/gpio_control_in_2[0]/shift_register_reg[11]/D
                                6.20           5.83 r        -0.37  (VIOLATED)
   chip_core/gpio_control_in_2[0]/shift_register_reg[12]/D
                                6.20           5.83 r        -0.37  (VIOLATED)
   chip_core/gpio_control_in_1[10]/shift_register_reg[1]/D
                                6.26           5.89 r        -0.37  (VIOLATED)
   chip_core/gpio_control_in_1[10]/shift_register_reg[2]/D
                                6.26           5.89 r        -0.37  (VIOLATED)
   chip_core/gpio_control_in_1[10]/shift_register_reg[3]/D
                                6.26           5.89 r        -0.37  (VIOLATED)
   chip_core/gpio_control_in_1[10]/shift_register_reg[4]/D
                                6.26           5.89 r        -0.37  (VIOLATED)
   chip_core/gpio_control_in_1[10]/shift_register_reg[5]/D
                                6.26           5.89 r        -0.37  (VIOLATED)
   chip_core/gpio_control_in_1[10]/shift_register_reg[6]/D
                                6.26           5.89 r        -0.37  (VIOLATED)
   chip_core/gpio_control_in_1[10]/shift_register_reg[7]/D
                                6.26           5.89 r        -0.37  (VIOLATED)
   chip_core/gpio_control_in_1[10]/shift_register_reg[8]/D
                                6.26           5.89 r        -0.37  (VIOLATED)
   chip_core/gpio_control_in_2[0]/shift_register_reg[1]/D
                                6.26           5.89 r        -0.37  (VIOLATED)
   chip_core/gpio_control_in_2[0]/shift_register_reg[2]/D
                                6.26           5.89 r        -0.37  (VIOLATED)
   chip_core/gpio_control_in_2[0]/shift_register_reg[3]/D
                                6.26           5.89 r        -0.37  (VIOLATED)
   chip_core/gpio_control_in_2[0]/shift_register_reg[4]/D
                                6.26           5.89 r        -0.37  (VIOLATED)
   chip_core/gpio_control_in_2[0]/shift_register_reg[5]/D
                                6.26           5.89 r        -0.37  (VIOLATED)
   chip_core/gpio_control_in_2[0]/shift_register_reg[6]/D
                                6.26           5.89 r        -0.37  (VIOLATED)
   chip_core/gpio_control_in_2[0]/shift_register_reg[7]/D
                                6.26           5.89 r        -0.37  (VIOLATED)
   chip_core/gpio_control_in_2[0]/shift_register_reg[8]/D
                                6.26           5.89 r        -0.37  (VIOLATED)
   chip_core/gpio_control_in_1[9]/shift_register_reg[1]/D
                                6.14           5.78 f        -0.36  (VIOLATED)
   chip_core/gpio_control_in_1[9]/shift_register_reg[2]/D
                                6.14           5.78 f        -0.36  (VIOLATED)
   chip_core/gpio_control_in_1[9]/shift_register_reg[3]/D
                                6.14           5.78 f        -0.36  (VIOLATED)
   chip_core/gpio_control_in_1[9]/shift_register_reg[4]/D
                                6.14           5.78 f        -0.36  (VIOLATED)
   chip_core/gpio_control_in_1[9]/shift_register_reg[5]/D
                                6.14           5.78 f        -0.36  (VIOLATED)
   chip_core/gpio_control_in_1[9]/shift_register_reg[6]/D
                                6.14           5.78 f        -0.36  (VIOLATED)
   chip_core/gpio_control_in_1[9]/shift_register_reg[7]/D
                                6.14           5.78 f        -0.36  (VIOLATED)
   chip_core/gpio_control_in_1[9]/shift_register_reg[8]/D
                                6.14           5.78 f        -0.36  (VIOLATED)
   chip_core/gpio_control_in_1[9]/shift_register_reg[9]/D
                                6.14           5.78 f        -0.36  (VIOLATED)
   chip_core/gpio_control_in_1[9]/shift_register_reg[10]/D
                                6.14           5.78 f        -0.36  (VIOLATED)
   chip_core/gpio_control_in_1[9]/shift_register_reg[11]/D
                                6.14           5.78 f        -0.36  (VIOLATED)
   chip_core/gpio_control_in_1[9]/shift_register_reg[12]/D
                                6.14           5.78 f        -0.36  (VIOLATED)
   chip_core/gpio_control_in_2[1]/shift_register_reg[1]/D
                                6.14           5.78 f        -0.36  (VIOLATED)
   chip_core/gpio_control_in_2[1]/shift_register_reg[2]/D
                                6.14           5.78 f        -0.36  (VIOLATED)
   chip_core/gpio_control_in_2[1]/shift_register_reg[3]/D
                                6.14           5.78 f        -0.36  (VIOLATED)
   chip_core/gpio_control_in_2[1]/shift_register_reg[4]/D
                                6.14           5.78 f        -0.36  (VIOLATED)
   chip_core/gpio_control_in_2[1]/shift_register_reg[5]/D
                                6.14           5.78 f        -0.36  (VIOLATED)
   chip_core/gpio_control_in_2[1]/shift_register_reg[6]/D
                                6.14           5.78 f        -0.36  (VIOLATED)
   chip_core/gpio_control_in_2[1]/shift_register_reg[7]/D
                                6.14           5.78 f        -0.36  (VIOLATED)
   chip_core/gpio_control_in_2[1]/shift_register_reg[8]/D
                                6.14           5.78 f        -0.36  (VIOLATED)
   chip_core/gpio_control_in_2[1]/shift_register_reg[9]/D
                                6.14           5.78 f        -0.36  (VIOLATED)
   chip_core/gpio_control_in_2[1]/shift_register_reg[10]/D
                                6.14           5.78 f        -0.36  (VIOLATED)
   chip_core/gpio_control_in_2[1]/shift_register_reg[11]/D
                                6.14           5.78 f        -0.36  (VIOLATED)
   chip_core/gpio_control_in_2[1]/shift_register_reg[12]/D
                                6.14           5.78 f        -0.36  (VIOLATED)
   chip_core/gpio_control_in_1[8]/shift_register_reg[1]/D
                                5.80           5.46 f        -0.33  (VIOLATED)
   chip_core/gpio_control_in_1[8]/shift_register_reg[2]/D
                                5.80           5.46 f        -0.33  (VIOLATED)
   chip_core/gpio_control_in_1[8]/shift_register_reg[3]/D
                                5.80           5.46 f        -0.33  (VIOLATED)
   chip_core/gpio_control_in_1[8]/shift_register_reg[4]/D
                                5.80           5.46 f        -0.33  (VIOLATED)
   chip_core/gpio_control_in_1[8]/shift_register_reg[5]/D
                                5.80           5.46 f        -0.33  (VIOLATED)
   chip_core/gpio_control_in_1[8]/shift_register_reg[6]/D
                                5.80           5.46 f        -0.33  (VIOLATED)
   chip_core/gpio_control_in_1[8]/shift_register_reg[7]/D
                                5.80           5.46 f        -0.33  (VIOLATED)
   chip_core/gpio_control_in_1[8]/shift_register_reg[8]/D
                                5.80           5.46 f        -0.33  (VIOLATED)
   chip_core/gpio_control_in_1[8]/shift_register_reg[9]/D
                                5.80           5.46 f        -0.33  (VIOLATED)
   chip_core/gpio_control_in_1[8]/shift_register_reg[10]/D
                                5.80           5.46 f        -0.33  (VIOLATED)
   chip_core/gpio_control_in_1[8]/shift_register_reg[11]/D
                                5.80           5.46 f        -0.33  (VIOLATED)
   chip_core/gpio_control_in_1[8]/shift_register_reg[12]/D
                                5.80           5.46 f        -0.33  (VIOLATED)
   chip_core/gpio_control_in_2[2]/shift_register_reg[1]/D
                                5.80           5.46 f        -0.33  (VIOLATED)
   chip_core/gpio_control_in_2[2]/shift_register_reg[2]/D
                                5.80           5.46 f        -0.33  (VIOLATED)
   chip_core/gpio_control_in_2[2]/shift_register_reg[3]/D
                                5.80           5.46 f        -0.33  (VIOLATED)
   chip_core/gpio_control_in_2[2]/shift_register_reg[4]/D
                                5.80           5.46 f        -0.33  (VIOLATED)
   chip_core/gpio_control_in_2[2]/shift_register_reg[5]/D
                                5.80           5.46 f        -0.33  (VIOLATED)
   chip_core/gpio_control_in_2[2]/shift_register_reg[6]/D
                                5.80           5.46 f        -0.33  (VIOLATED)
   chip_core/gpio_control_in_2[2]/shift_register_reg[7]/D
                                5.80           5.46 f        -0.33  (VIOLATED)
   chip_core/gpio_control_in_2[2]/shift_register_reg[8]/D
                                5.80           5.46 f        -0.33  (VIOLATED)
   chip_core/gpio_control_in_2[2]/shift_register_reg[9]/D
                                5.80           5.46 f        -0.33  (VIOLATED)
   chip_core/gpio_control_in_2[2]/shift_register_reg[10]/D
                                5.80           5.46 f        -0.33  (VIOLATED)
   chip_core/gpio_control_in_2[2]/shift_register_reg[11]/D
                                5.80           5.46 f        -0.33  (VIOLATED)
   chip_core/gpio_control_in_2[2]/shift_register_reg[12]/D
                                5.80           5.46 f        -0.33  (VIOLATED)
   chip_core/gpio_control_in_1[10]/shift_register_reg[9]/D
                                6.20           5.89 r        -0.31  (VIOLATED)
   chip_core/gpio_control_in_2[0]/shift_register_reg[9]/D
                                6.20           5.89 r        -0.31  (VIOLATED)
   chip_core/gpio_control_in_1[7]/shift_register_reg[1]/D
                                5.46           5.16 f        -0.31  (VIOLATED)
   chip_core/gpio_control_in_1[7]/shift_register_reg[2]/D
                                5.46           5.16 f        -0.31  (VIOLATED)
   chip_core/gpio_control_in_1[7]/shift_register_reg[3]/D
                                5.46           5.16 f        -0.31  (VIOLATED)
   chip_core/gpio_control_in_1[7]/shift_register_reg[4]/D
                                5.46           5.16 f        -0.31  (VIOLATED)
   chip_core/gpio_control_in_1[7]/shift_register_reg[5]/D
                                5.46           5.16 f        -0.31  (VIOLATED)
   chip_core/gpio_control_in_1[7]/shift_register_reg[6]/D
                                5.46           5.16 f        -0.31  (VIOLATED)
   chip_core/gpio_control_in_1[7]/shift_register_reg[7]/D
                                5.46           5.16 f        -0.31  (VIOLATED)
   chip_core/gpio_control_in_1[7]/shift_register_reg[8]/D
                                5.46           5.16 f        -0.31  (VIOLATED)
   chip_core/gpio_control_in_1[7]/shift_register_reg[9]/D
                                5.46           5.16 f        -0.31  (VIOLATED)
   chip_core/gpio_control_in_1[7]/shift_register_reg[10]/D
                                5.46           5.16 f        -0.31  (VIOLATED)
   chip_core/gpio_control_in_1[7]/shift_register_reg[11]/D
                                5.46           5.16 f        -0.31  (VIOLATED)
   chip_core/gpio_control_in_1[7]/shift_register_reg[12]/D
                                5.46           5.16 f        -0.31  (VIOLATED)
   chip_core/gpio_control_in_2[3]/shift_register_reg[1]/D
                                5.46           5.16 f        -0.31  (VIOLATED)
   chip_core/gpio_control_in_2[3]/shift_register_reg[2]/D
                                5.46           5.16 f        -0.31  (VIOLATED)
   chip_core/gpio_control_in_2[3]/shift_register_reg[3]/D
                                5.46           5.16 f        -0.31  (VIOLATED)
   chip_core/gpio_control_in_2[3]/shift_register_reg[4]/D
                                5.46           5.16 f        -0.31  (VIOLATED)
   chip_core/gpio_control_in_2[3]/shift_register_reg[5]/D
                                5.46           5.16 f        -0.31  (VIOLATED)
   chip_core/gpio_control_in_2[3]/shift_register_reg[6]/D
                                5.46           5.16 f        -0.31  (VIOLATED)
   chip_core/gpio_control_in_2[3]/shift_register_reg[7]/D
                                5.46           5.16 f        -0.31  (VIOLATED)
   chip_core/gpio_control_in_2[3]/shift_register_reg[8]/D
                                5.46           5.16 f        -0.31  (VIOLATED)
   chip_core/gpio_control_in_2[3]/shift_register_reg[9]/D
                                5.46           5.16 f        -0.31  (VIOLATED)
   chip_core/gpio_control_in_2[3]/shift_register_reg[10]/D
                                5.46           5.16 f        -0.31  (VIOLATED)
   chip_core/gpio_control_in_2[3]/shift_register_reg[11]/D
                                5.46           5.16 f        -0.31  (VIOLATED)
   chip_core/gpio_control_in_2[3]/shift_register_reg[12]/D
                                5.46           5.16 f        -0.31  (VIOLATED)
   chip_core/gpio_control_in_1[6]/shift_register_reg[1]/D
                                5.13           4.85 f        -0.28  (VIOLATED)
   chip_core/gpio_control_in_1[6]/shift_register_reg[2]/D
                                5.13           4.85 f        -0.28  (VIOLATED)
   chip_core/gpio_control_in_1[6]/shift_register_reg[3]/D
                                5.13           4.85 f        -0.28  (VIOLATED)
   chip_core/gpio_control_in_1[6]/shift_register_reg[4]/D
                                5.13           4.85 f        -0.28  (VIOLATED)
   chip_core/gpio_control_in_1[6]/shift_register_reg[5]/D
                                5.13           4.85 f        -0.28  (VIOLATED)
   chip_core/gpio_control_in_1[6]/shift_register_reg[6]/D
                                5.13           4.85 f        -0.28  (VIOLATED)
   chip_core/gpio_control_in_1[6]/shift_register_reg[7]/D
                                5.13           4.85 f        -0.28  (VIOLATED)
   chip_core/gpio_control_in_1[6]/shift_register_reg[8]/D
                                5.13           4.85 f        -0.28  (VIOLATED)
   chip_core/gpio_control_in_1[6]/shift_register_reg[9]/D
                                5.13           4.85 f        -0.28  (VIOLATED)
   chip_core/gpio_control_in_1[6]/shift_register_reg[10]/D
                                5.13           4.85 f        -0.28  (VIOLATED)
   chip_core/gpio_control_in_1[6]/shift_register_reg[11]/D
                                5.13           4.85 f        -0.28  (VIOLATED)
   chip_core/gpio_control_in_1[6]/shift_register_reg[12]/D
                                5.13           4.85 f        -0.28  (VIOLATED)
   chip_core/gpio_control_in_2[4]/shift_register_reg[1]/D
                                5.13           4.85 f        -0.28  (VIOLATED)
   chip_core/gpio_control_in_2[4]/shift_register_reg[2]/D
                                5.13           4.85 f        -0.28  (VIOLATED)
   chip_core/gpio_control_in_2[4]/shift_register_reg[3]/D
                                5.13           4.85 f        -0.28  (VIOLATED)
   chip_core/gpio_control_in_2[4]/shift_register_reg[4]/D
                                5.13           4.85 f        -0.28  (VIOLATED)
   chip_core/gpio_control_in_2[4]/shift_register_reg[5]/D
                                5.13           4.85 f        -0.28  (VIOLATED)
   chip_core/gpio_control_in_2[4]/shift_register_reg[6]/D
                                5.13           4.85 f        -0.28  (VIOLATED)
   chip_core/gpio_control_in_2[4]/shift_register_reg[7]/D
                                5.13           4.85 f        -0.28  (VIOLATED)
   chip_core/gpio_control_in_2[4]/shift_register_reg[8]/D
                                5.13           4.85 f        -0.28  (VIOLATED)
   chip_core/gpio_control_in_2[4]/shift_register_reg[9]/D
                                5.13           4.85 f        -0.28  (VIOLATED)
   chip_core/gpio_control_in_2[4]/shift_register_reg[10]/D
                                5.13           4.85 f        -0.28  (VIOLATED)
   chip_core/gpio_control_in_2[4]/shift_register_reg[11]/D
                                5.13           4.85 f        -0.28  (VIOLATED)
   chip_core/gpio_control_in_2[4]/shift_register_reg[12]/D
                                5.13           4.85 f        -0.28  (VIOLATED)
   chip_core/gpio_control_in_1[5]/shift_register_reg[1]/D
                                4.80           4.54 f        -0.26  (VIOLATED)
   chip_core/gpio_control_in_1[5]/shift_register_reg[2]/D
                                4.80           4.54 f        -0.26  (VIOLATED)
   chip_core/gpio_control_in_1[5]/shift_register_reg[3]/D
                                4.80           4.54 f        -0.26  (VIOLATED)
   chip_core/gpio_control_in_1[5]/shift_register_reg[4]/D
                                4.80           4.54 f        -0.26  (VIOLATED)
   chip_core/gpio_control_in_1[5]/shift_register_reg[5]/D
                                4.80           4.54 f        -0.26  (VIOLATED)
   chip_core/gpio_control_in_1[5]/shift_register_reg[6]/D
                                4.80           4.54 f        -0.26  (VIOLATED)
   chip_core/gpio_control_in_1[5]/shift_register_reg[7]/D
                                4.80           4.54 f        -0.26  (VIOLATED)
   chip_core/gpio_control_in_1[5]/shift_register_reg[8]/D
                                4.80           4.54 f        -0.26  (VIOLATED)
   chip_core/gpio_control_in_1[5]/shift_register_reg[9]/D
                                4.80           4.54 f        -0.26  (VIOLATED)
   chip_core/gpio_control_in_1[5]/shift_register_reg[10]/D
                                4.80           4.54 f        -0.26  (VIOLATED)
   chip_core/gpio_control_in_1[5]/shift_register_reg[11]/D
                                4.80           4.54 f        -0.26  (VIOLATED)
   chip_core/gpio_control_in_1[5]/shift_register_reg[12]/D
                                4.80           4.54 f        -0.26  (VIOLATED)
   chip_core/gpio_control_in_2[5]/shift_register_reg[1]/D
                                4.80           4.54 f        -0.26  (VIOLATED)
   chip_core/gpio_control_in_2[5]/shift_register_reg[2]/D
                                4.80           4.54 f        -0.26  (VIOLATED)
   chip_core/gpio_control_in_2[5]/shift_register_reg[3]/D
                                4.80           4.54 f        -0.26  (VIOLATED)
   chip_core/gpio_control_in_2[5]/shift_register_reg[4]/D
                                4.80           4.54 f        -0.26  (VIOLATED)
   chip_core/gpio_control_in_2[5]/shift_register_reg[5]/D
                                4.80           4.54 f        -0.26  (VIOLATED)
   chip_core/gpio_control_in_2[5]/shift_register_reg[6]/D
                                4.80           4.54 f        -0.26  (VIOLATED)
   chip_core/gpio_control_in_2[5]/shift_register_reg[7]/D
                                4.80           4.54 f        -0.26  (VIOLATED)
   chip_core/gpio_control_in_2[5]/shift_register_reg[8]/D
                                4.80           4.54 f        -0.26  (VIOLATED)
   chip_core/gpio_control_in_2[5]/shift_register_reg[9]/D
                                4.80           4.54 f        -0.26  (VIOLATED)
   chip_core/gpio_control_in_2[5]/shift_register_reg[10]/D
                                4.80           4.54 f        -0.26  (VIOLATED)
   chip_core/gpio_control_in_2[5]/shift_register_reg[11]/D
                                4.80           4.54 f        -0.26  (VIOLATED)
   chip_core/gpio_control_in_2[5]/shift_register_reg[12]/D
                                4.80           4.54 f        -0.26  (VIOLATED)
   chip_core/gpio_control_in_1[4]/shift_register_reg[1]/D
                                4.47           4.24 f        -0.24  (VIOLATED)
   chip_core/gpio_control_in_1[4]/shift_register_reg[2]/D
                                4.47           4.24 f        -0.24  (VIOLATED)
   chip_core/gpio_control_in_1[4]/shift_register_reg[3]/D
                                4.47           4.24 f        -0.24  (VIOLATED)
   chip_core/gpio_control_in_1[4]/shift_register_reg[4]/D
                                4.47           4.24 f        -0.24  (VIOLATED)
   chip_core/gpio_control_in_1[4]/shift_register_reg[5]/D
                                4.47           4.24 f        -0.24  (VIOLATED)
   chip_core/gpio_control_in_1[4]/shift_register_reg[6]/D
                                4.47           4.24 f        -0.24  (VIOLATED)
   chip_core/gpio_control_in_1[4]/shift_register_reg[7]/D
                                4.47           4.24 f        -0.24  (VIOLATED)
   chip_core/gpio_control_in_1[4]/shift_register_reg[8]/D
                                4.47           4.24 f        -0.24  (VIOLATED)
   chip_core/gpio_control_in_1[4]/shift_register_reg[9]/D
                                4.47           4.24 f        -0.24  (VIOLATED)
   chip_core/gpio_control_in_1[4]/shift_register_reg[10]/D
                                4.47           4.24 f        -0.24  (VIOLATED)
   chip_core/gpio_control_in_1[4]/shift_register_reg[11]/D
                                4.47           4.24 f        -0.24  (VIOLATED)
   chip_core/gpio_control_in_1[4]/shift_register_reg[12]/D
                                4.47           4.24 f        -0.24  (VIOLATED)
   chip_core/gpio_control_in_2[6]/shift_register_reg[1]/D
                                4.47           4.24 f        -0.24  (VIOLATED)
   chip_core/gpio_control_in_2[6]/shift_register_reg[2]/D
                                4.47           4.24 f        -0.24  (VIOLATED)
   chip_core/gpio_control_in_2[6]/shift_register_reg[3]/D
                                4.47           4.24 f        -0.24  (VIOLATED)
   chip_core/gpio_control_in_2[6]/shift_register_reg[4]/D
                                4.47           4.24 f        -0.24  (VIOLATED)
   chip_core/gpio_control_in_2[6]/shift_register_reg[5]/D
                                4.47           4.24 f        -0.24  (VIOLATED)
   chip_core/gpio_control_in_2[6]/shift_register_reg[6]/D
                                4.47           4.24 f        -0.24  (VIOLATED)
   chip_core/gpio_control_in_2[6]/shift_register_reg[7]/D
                                4.47           4.24 f        -0.24  (VIOLATED)
   chip_core/gpio_control_in_2[6]/shift_register_reg[8]/D
                                4.47           4.24 f        -0.24  (VIOLATED)
   chip_core/gpio_control_in_2[6]/shift_register_reg[9]/D
                                4.47           4.24 f        -0.24  (VIOLATED)
   chip_core/gpio_control_in_2[6]/shift_register_reg[10]/D
                                4.47           4.24 f        -0.24  (VIOLATED)
   chip_core/gpio_control_in_2[6]/shift_register_reg[11]/D
                                4.47           4.24 f        -0.24  (VIOLATED)
   chip_core/gpio_control_in_2[6]/shift_register_reg[12]/D
                                4.47           4.24 f        -0.24  (VIOLATED)
   chip_core/gpio_control_in_1[3]/shift_register_reg[1]/D
                                4.14           3.93 f        -0.21  (VIOLATED)
   chip_core/gpio_control_in_1[3]/shift_register_reg[2]/D
                                4.14           3.93 f        -0.21  (VIOLATED)
   chip_core/gpio_control_in_1[3]/shift_register_reg[3]/D
                                4.14           3.93 f        -0.21  (VIOLATED)
   chip_core/gpio_control_in_1[3]/shift_register_reg[4]/D
                                4.14           3.93 f        -0.21  (VIOLATED)
   chip_core/gpio_control_in_1[3]/shift_register_reg[5]/D
                                4.14           3.93 f        -0.21  (VIOLATED)
   chip_core/gpio_control_in_1[3]/shift_register_reg[6]/D
                                4.14           3.93 f        -0.21  (VIOLATED)
   chip_core/gpio_control_in_1[3]/shift_register_reg[7]/D
                                4.14           3.93 f        -0.21  (VIOLATED)
   chip_core/gpio_control_in_1[3]/shift_register_reg[8]/D
                                4.14           3.93 f        -0.21  (VIOLATED)
   chip_core/gpio_control_in_1[3]/shift_register_reg[9]/D
                                4.14           3.93 f        -0.21  (VIOLATED)
   chip_core/gpio_control_in_1[3]/shift_register_reg[10]/D
                                4.14           3.93 f        -0.21  (VIOLATED)
   chip_core/gpio_control_in_1[3]/shift_register_reg[11]/D
                                4.14           3.93 f        -0.21  (VIOLATED)
   chip_core/gpio_control_in_1[3]/shift_register_reg[12]/D
                                4.14           3.93 f        -0.21  (VIOLATED)
   chip_core/gpio_control_in_2[7]/shift_register_reg[1]/D
                                4.14           3.93 f        -0.21  (VIOLATED)
   chip_core/gpio_control_in_2[7]/shift_register_reg[2]/D
                                4.14           3.93 f        -0.21  (VIOLATED)
   chip_core/gpio_control_in_2[7]/shift_register_reg[3]/D
                                4.14           3.93 f        -0.21  (VIOLATED)
   chip_core/gpio_control_in_2[7]/shift_register_reg[4]/D
                                4.14           3.93 f        -0.21  (VIOLATED)
   chip_core/gpio_control_in_2[7]/shift_register_reg[5]/D
                                4.14           3.93 f        -0.21  (VIOLATED)
   chip_core/gpio_control_in_2[7]/shift_register_reg[6]/D
                                4.14           3.93 f        -0.21  (VIOLATED)
   chip_core/gpio_control_in_2[7]/shift_register_reg[7]/D
                                4.14           3.93 f        -0.21  (VIOLATED)
   chip_core/gpio_control_in_2[7]/shift_register_reg[8]/D
                                4.14           3.93 f        -0.21  (VIOLATED)
   chip_core/gpio_control_in_2[7]/shift_register_reg[9]/D
                                4.14           3.93 f        -0.21  (VIOLATED)
   chip_core/gpio_control_in_2[7]/shift_register_reg[10]/D
                                4.14           3.93 f        -0.21  (VIOLATED)
   chip_core/gpio_control_in_2[7]/shift_register_reg[11]/D
                                4.14           3.93 f        -0.21  (VIOLATED)
   chip_core/gpio_control_in_2[7]/shift_register_reg[12]/D
                                4.14           3.93 f        -0.21  (VIOLATED)
   chip_core/gpio_control_in_1[2]/shift_register_reg[1]/D
                                3.81           3.62 f        -0.19  (VIOLATED)
   chip_core/gpio_control_in_1[2]/shift_register_reg[2]/D
                                3.81           3.62 f        -0.19  (VIOLATED)
   chip_core/gpio_control_in_1[2]/shift_register_reg[3]/D
                                3.81           3.62 f        -0.19  (VIOLATED)
   chip_core/gpio_control_in_1[2]/shift_register_reg[4]/D
                                3.81           3.62 f        -0.19  (VIOLATED)
   chip_core/gpio_control_in_1[2]/shift_register_reg[5]/D
                                3.81           3.62 f        -0.19  (VIOLATED)
   chip_core/gpio_control_in_1[2]/shift_register_reg[6]/D
                                3.81           3.62 f        -0.19  (VIOLATED)
   chip_core/gpio_control_in_1[2]/shift_register_reg[7]/D
                                3.81           3.62 f        -0.19  (VIOLATED)
   chip_core/gpio_control_in_1[2]/shift_register_reg[8]/D
                                3.81           3.62 f        -0.19  (VIOLATED)
   chip_core/gpio_control_in_1[2]/shift_register_reg[9]/D
                                3.81           3.62 f        -0.19  (VIOLATED)
   chip_core/gpio_control_in_1[2]/shift_register_reg[10]/D
                                3.81           3.62 f        -0.19  (VIOLATED)
   chip_core/gpio_control_in_1[2]/shift_register_reg[11]/D
                                3.81           3.62 f        -0.19  (VIOLATED)
   chip_core/gpio_control_in_1[2]/shift_register_reg[12]/D
                                3.81           3.62 f        -0.19  (VIOLATED)
   chip_core/gpio_control_in_2[8]/shift_register_reg[1]/D
                                3.81           3.62 f        -0.19  (VIOLATED)
   chip_core/gpio_control_in_2[8]/shift_register_reg[2]/D
                                3.81           3.62 f        -0.19  (VIOLATED)
   chip_core/gpio_control_in_2[8]/shift_register_reg[3]/D
                                3.81           3.62 f        -0.19  (VIOLATED)
   chip_core/gpio_control_in_2[8]/shift_register_reg[4]/D
                                3.81           3.62 f        -0.19  (VIOLATED)
   chip_core/gpio_control_in_2[8]/shift_register_reg[5]/D
                                3.81           3.62 f        -0.19  (VIOLATED)
   chip_core/gpio_control_in_2[8]/shift_register_reg[6]/D
                                3.81           3.62 f        -0.19  (VIOLATED)
   chip_core/gpio_control_in_2[8]/shift_register_reg[7]/D
                                3.81           3.62 f        -0.19  (VIOLATED)
   chip_core/gpio_control_in_2[8]/shift_register_reg[8]/D
                                3.81           3.62 f        -0.19  (VIOLATED)
   chip_core/gpio_control_in_2[8]/shift_register_reg[9]/D
                                3.81           3.62 f        -0.19  (VIOLATED)
   chip_core/gpio_control_in_2[8]/shift_register_reg[10]/D
                                3.81           3.62 f        -0.19  (VIOLATED)
   chip_core/gpio_control_in_2[8]/shift_register_reg[11]/D
                                3.81           3.62 f        -0.19  (VIOLATED)
   chip_core/gpio_control_in_2[8]/shift_register_reg[12]/D
                                3.81           3.62 f        -0.19  (VIOLATED)
   chip_core/gpio_control_in_1[1]/shift_register_reg[1]/D
                                3.48           3.31 f        -0.16  (VIOLATED)
   chip_core/gpio_control_in_1[1]/shift_register_reg[2]/D
                                3.48           3.31 f        -0.16  (VIOLATED)
   chip_core/gpio_control_in_1[1]/shift_register_reg[3]/D
                                3.48           3.31 f        -0.16  (VIOLATED)
   chip_core/gpio_control_in_1[1]/shift_register_reg[4]/D
                                3.48           3.31 f        -0.16  (VIOLATED)
   chip_core/gpio_control_in_1[1]/shift_register_reg[5]/D
                                3.48           3.31 f        -0.16  (VIOLATED)
   chip_core/gpio_control_in_1[1]/shift_register_reg[6]/D
                                3.48           3.31 f        -0.16  (VIOLATED)
   chip_core/gpio_control_in_1[1]/shift_register_reg[7]/D
                                3.48           3.31 f        -0.16  (VIOLATED)
   chip_core/gpio_control_in_1[1]/shift_register_reg[8]/D
                                3.48           3.31 f        -0.16  (VIOLATED)
   chip_core/gpio_control_in_1[1]/shift_register_reg[9]/D
                                3.48           3.31 f        -0.16  (VIOLATED)
   chip_core/gpio_control_in_1[1]/shift_register_reg[10]/D
                                3.48           3.31 f        -0.16  (VIOLATED)
   chip_core/gpio_control_in_1[1]/shift_register_reg[11]/D
                                3.48           3.31 f        -0.16  (VIOLATED)
   chip_core/gpio_control_in_1[1]/shift_register_reg[12]/D
                                3.48           3.31 f        -0.16  (VIOLATED)
   chip_core/gpio_control_in_2[9]/shift_register_reg[1]/D
                                3.48           3.31 f        -0.16  (VIOLATED)
   chip_core/gpio_control_in_2[9]/shift_register_reg[2]/D
                                3.48           3.31 f        -0.16  (VIOLATED)
   chip_core/gpio_control_in_2[9]/shift_register_reg[3]/D
                                3.48           3.31 f        -0.16  (VIOLATED)
   chip_core/gpio_control_in_2[9]/shift_register_reg[4]/D
                                3.48           3.31 f        -0.16  (VIOLATED)
   chip_core/gpio_control_in_2[9]/shift_register_reg[5]/D
                                3.48           3.31 f        -0.16  (VIOLATED)
   chip_core/gpio_control_in_2[9]/shift_register_reg[6]/D
                                3.48           3.31 f        -0.16  (VIOLATED)
   chip_core/gpio_control_in_2[9]/shift_register_reg[7]/D
                                3.48           3.31 f        -0.16  (VIOLATED)
   chip_core/gpio_control_in_2[9]/shift_register_reg[8]/D
                                3.48           3.31 f        -0.16  (VIOLATED)
   chip_core/gpio_control_in_2[9]/shift_register_reg[9]/D
                                3.48           3.31 f        -0.16  (VIOLATED)
   chip_core/gpio_control_in_2[9]/shift_register_reg[10]/D
                                3.48           3.31 f        -0.16  (VIOLATED)
   chip_core/gpio_control_in_2[9]/shift_register_reg[11]/D
                                3.48           3.31 f        -0.16  (VIOLATED)
   chip_core/gpio_control_in_2[9]/shift_register_reg[12]/D
                                3.48           3.31 f        -0.16  (VIOLATED)
   chip_core/gpio_control_in_1[0]/shift_register_reg[1]/D
                                3.15           3.01 f        -0.14  (VIOLATED)
   chip_core/gpio_control_in_1[0]/shift_register_reg[2]/D
                                3.15           3.01 f        -0.14  (VIOLATED)
   chip_core/gpio_control_in_1[0]/shift_register_reg[3]/D
                                3.15           3.01 f        -0.14  (VIOLATED)
   chip_core/gpio_control_in_1[0]/shift_register_reg[4]/D
                                3.15           3.01 f        -0.14  (VIOLATED)
   chip_core/gpio_control_in_1[0]/shift_register_reg[5]/D
                                3.15           3.01 f        -0.14  (VIOLATED)
   chip_core/gpio_control_in_1[0]/shift_register_reg[6]/D
                                3.15           3.01 f        -0.14  (VIOLATED)
   chip_core/gpio_control_in_1[0]/shift_register_reg[7]/D
                                3.15           3.01 f        -0.14  (VIOLATED)
   chip_core/gpio_control_in_1[0]/shift_register_reg[8]/D
                                3.15           3.01 f        -0.14  (VIOLATED)
   chip_core/gpio_control_in_1[0]/shift_register_reg[9]/D
                                3.15           3.01 f        -0.14  (VIOLATED)
   chip_core/gpio_control_in_1[0]/shift_register_reg[10]/D
                                3.15           3.01 f        -0.14  (VIOLATED)
   chip_core/gpio_control_in_1[0]/shift_register_reg[11]/D
                                3.15           3.01 f        -0.14  (VIOLATED)
   chip_core/gpio_control_in_1[0]/shift_register_reg[12]/D
                                3.15           3.01 f        -0.14  (VIOLATED)
   chip_core/gpio_control_in_2[10]/shift_register_reg[1]/D
                                3.15           3.01 f        -0.14  (VIOLATED)
   chip_core/gpio_control_in_2[10]/shift_register_reg[2]/D
                                3.15           3.01 f        -0.14  (VIOLATED)
   chip_core/gpio_control_in_2[10]/shift_register_reg[3]/D
                                3.15           3.01 f        -0.14  (VIOLATED)
   chip_core/gpio_control_in_2[10]/shift_register_reg[4]/D
                                3.15           3.01 f        -0.14  (VIOLATED)
   chip_core/gpio_control_in_2[10]/shift_register_reg[5]/D
                                3.15           3.01 f        -0.14  (VIOLATED)
   chip_core/gpio_control_in_2[10]/shift_register_reg[6]/D
                                3.15           3.01 f        -0.14  (VIOLATED)
   chip_core/gpio_control_in_2[10]/shift_register_reg[7]/D
                                3.15           3.01 f        -0.14  (VIOLATED)
   chip_core/gpio_control_in_2[10]/shift_register_reg[8]/D
                                3.15           3.01 f        -0.14  (VIOLATED)
   chip_core/gpio_control_in_2[10]/shift_register_reg[9]/D
                                3.15           3.01 f        -0.14  (VIOLATED)
   chip_core/gpio_control_in_2[10]/shift_register_reg[10]/D
                                3.15           3.01 f        -0.14  (VIOLATED)
   chip_core/gpio_control_in_2[10]/shift_register_reg[11]/D
                                3.15           3.01 f        -0.14  (VIOLATED)
   chip_core/gpio_control_in_2[10]/shift_register_reg[12]/D
                                3.15           3.01 f        -0.14  (VIOLATED)
   chip_core/gpio_control_in_1a[5]/shift_register_reg[1]/D
                                2.82           2.70 f        -0.12  (VIOLATED)
   chip_core/gpio_control_in_1a[5]/shift_register_reg[2]/D
                                2.82           2.70 f        -0.12  (VIOLATED)
   chip_core/gpio_control_in_1a[5]/shift_register_reg[3]/D
                                2.82           2.70 f        -0.12  (VIOLATED)
   chip_core/gpio_control_in_1a[5]/shift_register_reg[4]/D
                                2.82           2.70 f        -0.12  (VIOLATED)
   chip_core/gpio_control_in_1a[5]/shift_register_reg[5]/D
                                2.82           2.70 f        -0.12  (VIOLATED)
   chip_core/gpio_control_in_1a[5]/shift_register_reg[6]/D
                                2.82           2.70 f        -0.12  (VIOLATED)
   chip_core/gpio_control_in_1a[5]/shift_register_reg[7]/D
                                2.82           2.70 f        -0.12  (VIOLATED)
   chip_core/gpio_control_in_1a[5]/shift_register_reg[8]/D
                                2.82           2.70 f        -0.12  (VIOLATED)
   chip_core/gpio_control_in_1a[5]/shift_register_reg[9]/D
                                2.82           2.70 f        -0.12  (VIOLATED)
   chip_core/gpio_control_in_1a[5]/shift_register_reg[10]/D
                                2.82           2.70 f        -0.12  (VIOLATED)
   chip_core/gpio_control_in_1a[5]/shift_register_reg[11]/D
                                2.82           2.70 f        -0.12  (VIOLATED)
   chip_core/gpio_control_in_1a[5]/shift_register_reg[12]/D
                                2.82           2.70 f        -0.12  (VIOLATED)
   chip_core/gpio_control_in_2[11]/shift_register_reg[1]/D
                                2.82           2.70 f        -0.12  (VIOLATED)
   chip_core/gpio_control_in_2[11]/shift_register_reg[2]/D
                                2.82           2.70 f        -0.12  (VIOLATED)
   chip_core/gpio_control_in_2[11]/shift_register_reg[3]/D
                                2.82           2.70 f        -0.12  (VIOLATED)
   chip_core/gpio_control_in_2[11]/shift_register_reg[4]/D
                                2.82           2.70 f        -0.12  (VIOLATED)
   chip_core/gpio_control_in_2[11]/shift_register_reg[5]/D
                                2.82           2.70 f        -0.12  (VIOLATED)
   chip_core/gpio_control_in_2[11]/shift_register_reg[6]/D
                                2.82           2.70 f        -0.12  (VIOLATED)
   chip_core/gpio_control_in_2[11]/shift_register_reg[7]/D
                                2.82           2.70 f        -0.12  (VIOLATED)
   chip_core/gpio_control_in_2[11]/shift_register_reg[8]/D
                                2.82           2.70 f        -0.12  (VIOLATED)
   chip_core/gpio_control_in_2[11]/shift_register_reg[9]/D
                                2.82           2.70 f        -0.12  (VIOLATED)
   chip_core/gpio_control_in_2[11]/shift_register_reg[10]/D
                                2.82           2.70 f        -0.12  (VIOLATED)
   chip_core/gpio_control_in_2[11]/shift_register_reg[11]/D
                                2.82           2.70 f        -0.12  (VIOLATED)
   chip_core/gpio_control_in_2[11]/shift_register_reg[12]/D
                                2.82           2.70 f        -0.12  (VIOLATED)
   chip_core/gpio_control_in_1a[4]/shift_register_reg[1]/D
                                2.48           2.39 f        -0.09  (VIOLATED)
   chip_core/gpio_control_in_1a[4]/shift_register_reg[2]/D
                                2.48           2.39 f        -0.09  (VIOLATED)
   chip_core/gpio_control_in_1a[4]/shift_register_reg[3]/D
                                2.48           2.39 f        -0.09  (VIOLATED)
   chip_core/gpio_control_in_1a[4]/shift_register_reg[4]/D
                                2.48           2.39 f        -0.09  (VIOLATED)
   chip_core/gpio_control_in_1a[4]/shift_register_reg[5]/D
                                2.48           2.39 f        -0.09  (VIOLATED)
   chip_core/gpio_control_in_1a[4]/shift_register_reg[6]/D
                                2.48           2.39 f        -0.09  (VIOLATED)
   chip_core/gpio_control_in_1a[4]/shift_register_reg[7]/D
                                2.48           2.39 f        -0.09  (VIOLATED)
   chip_core/gpio_control_in_1a[4]/shift_register_reg[8]/D
                                2.48           2.39 f        -0.09  (VIOLATED)
   chip_core/gpio_control_in_1a[4]/shift_register_reg[9]/D
                                2.48           2.39 f        -0.09  (VIOLATED)
   chip_core/gpio_control_in_1a[4]/shift_register_reg[10]/D
                                2.48           2.39 f        -0.09  (VIOLATED)
   chip_core/gpio_control_in_1a[4]/shift_register_reg[11]/D
                                2.48           2.39 f        -0.09  (VIOLATED)
   chip_core/gpio_control_in_1a[4]/shift_register_reg[12]/D
                                2.48           2.39 f        -0.09  (VIOLATED)
   chip_core/gpio_control_in_2[12]/shift_register_reg[1]/D
                                2.48           2.39 f        -0.09  (VIOLATED)
   chip_core/gpio_control_in_2[12]/shift_register_reg[2]/D
                                2.48           2.39 f        -0.09  (VIOLATED)
   chip_core/gpio_control_in_2[12]/shift_register_reg[3]/D
                                2.48           2.39 f        -0.09  (VIOLATED)
   chip_core/gpio_control_in_2[12]/shift_register_reg[4]/D
                                2.48           2.39 f        -0.09  (VIOLATED)
   chip_core/gpio_control_in_2[12]/shift_register_reg[5]/D
                                2.48           2.39 f        -0.09  (VIOLATED)
   chip_core/gpio_control_in_2[12]/shift_register_reg[6]/D
                                2.48           2.39 f        -0.09  (VIOLATED)
   chip_core/gpio_control_in_2[12]/shift_register_reg[7]/D
                                2.48           2.39 f        -0.09  (VIOLATED)
   chip_core/gpio_control_in_2[12]/shift_register_reg[8]/D
                                2.48           2.39 f        -0.09  (VIOLATED)
   chip_core/gpio_control_in_2[12]/shift_register_reg[9]/D
                                2.48           2.39 f        -0.09  (VIOLATED)
   chip_core/gpio_control_in_2[12]/shift_register_reg[10]/D
                                2.48           2.39 f        -0.09  (VIOLATED)
   chip_core/gpio_control_in_2[12]/shift_register_reg[11]/D
                                2.48           2.39 f        -0.09  (VIOLATED)
   chip_core/gpio_control_in_2[12]/shift_register_reg[12]/D
                                2.48           2.39 f        -0.09  (VIOLATED)
   chip_core/gpio_control_in_1a[3]/shift_register_reg[1]/D
                                2.15           2.09 f        -0.07  (VIOLATED)
   chip_core/gpio_control_in_1a[3]/shift_register_reg[2]/D
                                2.15           2.09 f        -0.07  (VIOLATED)
   chip_core/gpio_control_in_1a[3]/shift_register_reg[3]/D
                                2.15           2.09 f        -0.07  (VIOLATED)
   chip_core/gpio_control_in_1a[3]/shift_register_reg[4]/D
                                2.15           2.09 f        -0.07  (VIOLATED)
   chip_core/gpio_control_in_1a[3]/shift_register_reg[5]/D
                                2.15           2.09 f        -0.07  (VIOLATED)
   chip_core/gpio_control_in_1a[3]/shift_register_reg[6]/D
                                2.15           2.09 f        -0.07  (VIOLATED)
   chip_core/gpio_control_in_1a[3]/shift_register_reg[7]/D
                                2.15           2.09 f        -0.07  (VIOLATED)
   chip_core/gpio_control_in_1a[3]/shift_register_reg[8]/D
                                2.15           2.09 f        -0.07  (VIOLATED)
   chip_core/gpio_control_in_1a[3]/shift_register_reg[9]/D
                                2.15           2.09 f        -0.07  (VIOLATED)
   chip_core/gpio_control_in_1a[3]/shift_register_reg[10]/D
                                2.15           2.09 f        -0.07  (VIOLATED)
   chip_core/gpio_control_in_1a[3]/shift_register_reg[11]/D
                                2.15           2.09 f        -0.07  (VIOLATED)
   chip_core/gpio_control_in_1a[3]/shift_register_reg[12]/D
                                2.15           2.09 f        -0.07  (VIOLATED)
   chip_core/gpio_control_in_2[13]/shift_register_reg[1]/D
                                2.15           2.09 f        -0.07  (VIOLATED)
   chip_core/gpio_control_in_2[13]/shift_register_reg[2]/D
                                2.15           2.09 f        -0.07  (VIOLATED)
   chip_core/gpio_control_in_2[13]/shift_register_reg[3]/D
                                2.15           2.09 f        -0.07  (VIOLATED)
   chip_core/gpio_control_in_2[13]/shift_register_reg[4]/D
                                2.15           2.09 f        -0.07  (VIOLATED)
   chip_core/gpio_control_in_2[13]/shift_register_reg[5]/D
                                2.15           2.09 f        -0.07  (VIOLATED)
   chip_core/gpio_control_in_2[13]/shift_register_reg[6]/D
                                2.15           2.09 f        -0.07  (VIOLATED)
   chip_core/gpio_control_in_2[13]/shift_register_reg[7]/D
                                2.15           2.09 f        -0.07  (VIOLATED)
   chip_core/gpio_control_in_2[13]/shift_register_reg[8]/D
                                2.15           2.09 f        -0.07  (VIOLATED)
   chip_core/gpio_control_in_2[13]/shift_register_reg[9]/D
                                2.15           2.09 f        -0.07  (VIOLATED)
   chip_core/gpio_control_in_2[13]/shift_register_reg[10]/D
                                2.15           2.09 f        -0.07  (VIOLATED)
   chip_core/gpio_control_in_2[13]/shift_register_reg[11]/D
                                2.15           2.09 f        -0.07  (VIOLATED)
   chip_core/gpio_control_in_2[13]/shift_register_reg[12]/D
                                2.15           2.09 f        -0.07  (VIOLATED)
   chip_core/gpio_control_in_1a[2]/shift_register_reg[1]/D
                                1.82           1.78 f        -0.04  (VIOLATED)
   chip_core/gpio_control_in_1a[2]/shift_register_reg[2]/D
                                1.82           1.78 f        -0.04  (VIOLATED)
   chip_core/gpio_control_in_1a[2]/shift_register_reg[3]/D
                                1.82           1.78 f        -0.04  (VIOLATED)
   chip_core/gpio_control_in_1a[2]/shift_register_reg[4]/D
                                1.82           1.78 f        -0.04  (VIOLATED)
   chip_core/gpio_control_in_1a[2]/shift_register_reg[5]/D
                                1.82           1.78 f        -0.04  (VIOLATED)
   chip_core/gpio_control_in_1a[2]/shift_register_reg[6]/D
                                1.82           1.78 f        -0.04  (VIOLATED)
   chip_core/gpio_control_in_1a[2]/shift_register_reg[7]/D
                                1.82           1.78 f        -0.04  (VIOLATED)
   chip_core/gpio_control_in_1a[2]/shift_register_reg[8]/D
                                1.82           1.78 f        -0.04  (VIOLATED)
   chip_core/gpio_control_in_1a[2]/shift_register_reg[9]/D
                                1.82           1.78 f        -0.04  (VIOLATED)
   chip_core/gpio_control_in_1a[2]/shift_register_reg[10]/D
                                1.82           1.78 f        -0.04  (VIOLATED)
   chip_core/gpio_control_in_1a[2]/shift_register_reg[11]/D
                                1.82           1.78 f        -0.04  (VIOLATED)
   chip_core/gpio_control_in_1a[2]/shift_register_reg[12]/D
                                1.82           1.78 f        -0.04  (VIOLATED)
   chip_core/gpio_control_in_2[14]/shift_register_reg[1]/D
                                1.82           1.78 f        -0.04  (VIOLATED)
   chip_core/gpio_control_in_2[14]/shift_register_reg[2]/D
                                1.82           1.78 f        -0.04  (VIOLATED)
   chip_core/gpio_control_in_2[14]/shift_register_reg[3]/D
                                1.82           1.78 f        -0.04  (VIOLATED)
   chip_core/gpio_control_in_2[14]/shift_register_reg[4]/D
                                1.82           1.78 f        -0.04  (VIOLATED)
   chip_core/gpio_control_in_2[14]/shift_register_reg[5]/D
                                1.82           1.78 f        -0.04  (VIOLATED)
   chip_core/gpio_control_in_2[14]/shift_register_reg[6]/D
                                1.82           1.78 f        -0.04  (VIOLATED)
   chip_core/gpio_control_in_2[14]/shift_register_reg[7]/D
                                1.82           1.78 f        -0.04  (VIOLATED)
   chip_core/gpio_control_in_2[14]/shift_register_reg[8]/D
                                1.82           1.78 f        -0.04  (VIOLATED)
   chip_core/gpio_control_in_2[14]/shift_register_reg[9]/D
                                1.82           1.78 f        -0.04  (VIOLATED)
   chip_core/gpio_control_in_2[14]/shift_register_reg[10]/D
                                1.82           1.78 f        -0.04  (VIOLATED)
   chip_core/gpio_control_in_2[14]/shift_register_reg[11]/D
                                1.82           1.78 f        -0.04  (VIOLATED)
   chip_core/gpio_control_in_2[14]/shift_register_reg[12]/D
                                1.82           1.78 f        -0.04  (VIOLATED)
   chip_core/gpio_control_in_1a[1]/shift_register_reg[1]/D
                                1.49           1.47 f        -0.02  (VIOLATED)
   chip_core/gpio_control_in_1a[1]/shift_register_reg[2]/D
                                1.49           1.47 f        -0.02  (VIOLATED)
   chip_core/gpio_control_in_1a[1]/shift_register_reg[3]/D
                                1.49           1.47 f        -0.02  (VIOLATED)
   chip_core/gpio_control_in_1a[1]/shift_register_reg[4]/D
                                1.49           1.47 f        -0.02  (VIOLATED)
   chip_core/gpio_control_in_1a[1]/shift_register_reg[5]/D
                                1.49           1.47 f        -0.02  (VIOLATED)
   chip_core/gpio_control_in_1a[1]/shift_register_reg[6]/D
                                1.49           1.47 f        -0.02  (VIOLATED)
   chip_core/gpio_control_in_1a[1]/shift_register_reg[7]/D
                                1.49           1.47 f        -0.02  (VIOLATED)
   chip_core/gpio_control_in_1a[1]/shift_register_reg[8]/D
                                1.49           1.47 f        -0.02  (VIOLATED)
   chip_core/gpio_control_in_1a[1]/shift_register_reg[9]/D
                                1.49           1.47 f        -0.02  (VIOLATED)
   chip_core/gpio_control_in_1a[1]/shift_register_reg[10]/D
                                1.49           1.47 f        -0.02  (VIOLATED)
   chip_core/gpio_control_in_1a[1]/shift_register_reg[11]/D
                                1.49           1.47 f        -0.02  (VIOLATED)
   chip_core/gpio_control_in_1a[1]/shift_register_reg[12]/D
                                1.49           1.47 f        -0.02  (VIOLATED)
   chip_core/gpio_control_in_2[15]/shift_register_reg[1]/D
                                1.49           1.47 f        -0.02  (VIOLATED)
   chip_core/gpio_control_in_2[15]/shift_register_reg[2]/D
                                1.49           1.47 f        -0.02  (VIOLATED)
   chip_core/gpio_control_in_2[15]/shift_register_reg[3]/D
                                1.49           1.47 f        -0.02  (VIOLATED)
   chip_core/gpio_control_in_2[15]/shift_register_reg[4]/D
                                1.49           1.47 f        -0.02  (VIOLATED)
   chip_core/gpio_control_in_2[15]/shift_register_reg[5]/D
                                1.49           1.47 f        -0.02  (VIOLATED)
   chip_core/gpio_control_in_2[15]/shift_register_reg[6]/D
                                1.49           1.47 f        -0.02  (VIOLATED)
   chip_core/gpio_control_in_2[15]/shift_register_reg[7]/D
                                1.49           1.47 f        -0.02  (VIOLATED)
   chip_core/gpio_control_in_2[15]/shift_register_reg[8]/D
                                1.49           1.47 f        -0.02  (VIOLATED)
   chip_core/gpio_control_in_2[15]/shift_register_reg[9]/D
                                1.49           1.47 f        -0.02  (VIOLATED)
   chip_core/gpio_control_in_2[15]/shift_register_reg[10]/D
                                1.49           1.47 f        -0.02  (VIOLATED)
   chip_core/gpio_control_in_2[15]/shift_register_reg[11]/D
                                1.49           1.47 f        -0.02  (VIOLATED)
   chip_core/gpio_control_in_2[15]/shift_register_reg[12]/D
                                1.49           1.47 f        -0.02  (VIOLATED)


   max_fanout

                             Required        Actual
   Net                        Fanout         Fanout          Slack
   -----------------------------------------------------------------
   resetb                      18.00         257.00        -239.00  (VIOLATED)

   -----------------------------------------------------------------
   Total                      1                -239.00  

1
